// Vitest Snapshot v1, https://vitest.dev/guide/snapshot.html

exports[`normalizeScenario > should normalize a scenario 1`] = `
[
  {
    "id": "inst_83xf30r",
    "node": {
      "allowedTypes": [
        "conductive",
        "emag_attach",
        "emag_burst",
        "burning",
        "blaze_attach",
        "blaze_burst",
        "knockup",
        "break",
        "ice_shatter",
        "nature_attach",
        "corrosion",
        "nature_burst",
        "knockdown",
        "cold_attach",
        "frozen",
        "cold_burst",
        "stagger",
        "armor_break",
      ],
      "animationTime": 0,
      "cooldown": 0,
      "damageTicks": [
        {
          "offset": 3.2,
          "sp": 18,
          "spKind": "recover",
          "stagger": 16,
        },
      ],
      "duration": 3.2,
      "element": "physical",
      "enhancementTime": 0,
      "gaugeCost": 0,
      "gaugeGain": 0,
      "icon": "",
      "id": "CHENQIANYU_attack",
      "instanceId": "inst_83xf30r",
      "logicalStartTime": 0,
      "name": "重击",
      "physicalAnomaly": [],
      "spCost": 0,
      "startTime": 0,
      "teamGaugeGain": 0,
      "type": "attack",
    },
    "trackId": "CHENQIANYU",
    "trackIndex": 0,
    "type": "action",
  },
  {
    "id": "inst_6wgpfl3",
    "node": {
      "allowedTypes": [
        "knockup",
        "break",
        "ice_shatter",
      ],
      "animationTime": 0,
      "cooldown": 0,
      "damageTicks": [
        {
          "offset": 0.4,
          "sp": 0,
          "spKind": "recover",
          "stagger": 10,
        },
      ],
      "duration": 0.8,
      "element": "physical",
      "enhancementTime": 0,
      "gaugeCost": 0,
      "gaugeGain": 6.5,
      "icon": "/avatars/CHENQIANYU/icon_skill_chen_01.png",
      "id": "CHENQIANYU_skill",
      "instanceId": "inst_6wgpfl3",
      "logicalStartTime": 3.2,
      "name": "战技",
      "physicalAnomaly": [
        [
          {
            "_id": "7380ey5",
            "duration": 0,
            "offset": 0.4,
            "stacks": 1,
            "type": "break",
          },
        ],
      ],
      "spCost": 100,
      "startTime": 3.2,
      "teamGaugeGain": 6.5,
      "type": "skill",
    },
    "trackId": "CHENQIANYU",
    "trackIndex": 0,
    "type": "action",
  },
  {
    "id": "inst_m4jt0hp",
    "node": {
      "allowedTypes": [
        "knockup",
        "break",
        "ice_shatter",
      ],
      "animationTime": 0,
      "cooldown": 16,
      "damageTicks": [
        {
          "offset": 0.56,
          "sp": 0,
          "spKind": "recover",
          "stagger": 10,
        },
      ],
      "duration": 0.9,
      "element": "physical",
      "enhancementTime": 0,
      "gaugeCost": 0,
      "gaugeGain": 10,
      "icon": "/avatars/CHENQIANYU/icon_combo_skill_chen_01.png",
      "id": "CHENQIANYU_link",
      "instanceId": "inst_m4jt0hp",
      "logicalStartTime": 4.4,
      "name": "连携",
      "physicalAnomaly": [
        [
          {
            "_id": "y1byw3x",
            "duration": 0,
            "offset": 0.56,
            "stacks": 2,
            "type": "knockup",
          },
        ],
      ],
      "spCost": 0,
      "startTime": 4.4,
      "teamGaugeGain": 0,
      "type": "link",
    },
    "trackId": "CHENQIANYU",
    "trackIndex": 0,
    "type": "action",
  },
  {
    "id": "inst_nxhwtu6",
    "node": {
      "allowedTypes": [
        "conductive",
        "emag_attach",
        "emag_burst",
        "burning",
        "blaze_attach",
        "blaze_burst",
        "knockup",
        "break",
        "ice_shatter",
        "nature_attach",
        "corrosion",
        "nature_burst",
        "knockdown",
        "cold_attach",
        "frozen",
        "cold_burst",
        "stagger",
        "armor_break",
      ],
      "animationTime": 0,
      "cooldown": 0,
      "damageTicks": [
        {
          "offset": 3.2,
          "sp": 18,
          "spKind": "recover",
          "stagger": 16,
        },
      ],
      "duration": 3.2,
      "element": "physical",
      "enhancementTime": 0,
      "gaugeCost": 0,
      "gaugeGain": 0,
      "icon": "",
      "id": "CHENQIANYU_attack",
      "instanceId": "inst_nxhwtu6",
      "logicalStartTime": 5.9,
      "name": "重击",
      "physicalAnomaly": [],
      "spCost": 0,
      "startTime": 5.9,
      "teamGaugeGain": 0,
      "type": "attack",
    },
    "trackId": "CHENQIANYU",
    "trackIndex": 0,
    "type": "action",
  },
  {
    "id": "inst_95ddgxo",
    "node": {
      "allowedTypes": [
        "conductive",
        "emag_attach",
        "emag_burst",
        "burning",
        "blaze_attach",
        "blaze_burst",
        "knockup",
        "break",
        "ice_shatter",
        "nature_attach",
        "corrosion",
        "nature_burst",
        "knockdown",
        "cold_attach",
        "frozen",
        "cold_burst",
        "stagger",
        "armor_break",
      ],
      "animationTime": 0,
      "cooldown": 0,
      "damageTicks": [
        {
          "offset": 3.2,
          "sp": 18,
          "spKind": "recover",
          "stagger": 16,
        },
      ],
      "duration": 3.2,
      "element": "physical",
      "enhancementTime": 0,
      "gaugeCost": 0,
      "gaugeGain": 0,
      "icon": "",
      "id": "CHENQIANYU_attack",
      "instanceId": "inst_95ddgxo",
      "logicalStartTime": 10.1,
      "name": "重击",
      "physicalAnomaly": [],
      "spCost": 0,
      "startTime": 10.1,
      "teamGaugeGain": 0,
      "type": "attack",
    },
    "trackId": "CHENQIANYU",
    "trackIndex": 0,
    "type": "action",
  },
  {
    "id": "inst_9u3lc19",
    "node": {
      "allowedTypes": [
        "conductive",
        "emag_attach",
        "emag_burst",
        "burning",
        "blaze_attach",
        "blaze_burst",
        "knockup",
        "break",
        "ice_shatter",
        "nature_attach",
        "corrosion",
        "nature_burst",
        "knockdown",
        "cold_attach",
        "frozen",
        "cold_burst",
        "stagger",
        "armor_break",
      ],
      "animationTime": 0,
      "cooldown": 0,
      "damageTicks": [
        {
          "offset": 3.2,
          "sp": 18,
          "spKind": "recover",
          "stagger": 16,
        },
      ],
      "duration": 3.2,
      "element": "physical",
      "enhancementTime": 0,
      "gaugeCost": 0,
      "gaugeGain": 0,
      "icon": "",
      "id": "CHENQIANYU_attack",
      "instanceId": "inst_9u3lc19",
      "logicalStartTime": 13.9,
      "name": "重击",
      "physicalAnomaly": [],
      "spCost": 0,
      "startTime": 13.9,
      "teamGaugeGain": 0,
      "type": "attack",
    },
    "trackId": "CHENQIANYU",
    "trackIndex": 0,
    "type": "action",
  },
  {
    "id": "inst_7d7vbcy",
    "node": {
      "allowedTypes": [
        "conductive",
        "emag_attach",
        "emag_burst",
        "burning",
        "blaze_attach",
        "blaze_burst",
        "knockup",
        "break",
        "ice_shatter",
        "nature_attach",
        "corrosion",
        "nature_burst",
        "knockdown",
        "cold_attach",
        "frozen",
        "cold_burst",
        "stagger",
        "armor_break",
      ],
      "animationTime": 0,
      "cooldown": 0,
      "damageTicks": [
        {
          "offset": 3.2,
          "sp": 18,
          "spKind": "recover",
          "stagger": 16,
        },
      ],
      "duration": 3.2,
      "element": "physical",
      "enhancementTime": 0,
      "gaugeCost": 0,
      "gaugeGain": 0,
      "icon": "",
      "id": "CHENQIANYU_attack",
      "instanceId": "inst_7d7vbcy",
      "logicalStartTime": 17.8,
      "name": "重击",
      "physicalAnomaly": [],
      "spCost": 0,
      "startTime": 17.8,
      "teamGaugeGain": 0,
      "type": "attack",
    },
    "trackId": "CHENQIANYU",
    "trackIndex": 0,
    "type": "action",
  },
  {
    "id": "inst_nejrrla",
    "node": {
      "allowedTypes": [
        "knockup",
        "break",
        "ice_shatter",
      ],
      "animationTime": 0,
      "cooldown": 16,
      "damageTicks": [
        {
          "boundEffects": [
            "ebf42r1",
          ],
          "offset": 0.56,
          "sp": 0,
          "spKind": "recover",
          "stagger": 10,
        },
      ],
      "duration": 0.9,
      "element": "physical",
      "enhancementTime": 0,
      "gaugeCost": 0,
      "gaugeGain": 10,
      "icon": "/avatars/CHENQIANYU/icon_combo_skill_chen_01.webp",
      "id": "CHENQIANYU_link",
      "instanceId": "inst_nejrrla",
      "librarySource": "character",
      "logicalStartTime": 21.8,
      "name": "连携",
      "physicalAnomaly": [
        [
          {
            "_id": "ebf42r1",
            "duration": 0,
            "offset": 0.56,
            "stacks": 4,
            "type": "knockup",
          },
        ],
      ],
      "sourceWeaponId": null,
      "spCost": 0,
      "startTime": 21.8,
      "teamGaugeGain": 0,
      "type": "link",
      "weaponId": null,
    },
    "trackId": "CHENQIANYU",
    "trackIndex": 0,
    "type": "action",
  },
  {
    "id": "inst_ai1qx5h",
    "node": {
      "allowedTypes": [
        "break",
        "blaze_attach",
        "burning",
        "blaze_burst",
        "emag_burst",
        "conductive",
        "emag_attach",
        "frozen",
        "cold_attach",
        "cold_burst",
        "ice_shatter",
        "corrosion",
        "nature_attach",
        "nature_burst",
        "knockdown",
        "knockup",
        "stagger",
        "armor_break",
      ],
      "animationTime": 0,
      "cooldown": 0,
      "damageTicks": [],
      "duration": 2.5,
      "element": "physical",
      "enhancementTime": 0,
      "gaugeCost": 0,
      "gaugeGain": 0,
      "icon": "",
      "id": "CHENQIANYU_execution",
      "instanceId": "inst_ai1qx5h",
      "logicalStartTime": 23.4,
      "name": "处决",
      "physicalAnomaly": [],
      "spCost": 0,
      "startTime": 23.4,
      "teamGaugeGain": 0,
      "type": "execution",
    },
    "trackId": "CHENQIANYU",
    "trackIndex": 0,
    "type": "action",
  },
  {
    "id": "inst_kvvfl49",
    "node": {
      "allowedTypes": [
        "endmin_debuff",
      ],
      "animationTime": 0,
      "cooldown": 16,
      "damageTicks": [
        {
          "offset": 0.8,
          "sp": 0,
          "spKind": "recover",
          "stagger": 10,
        },
      ],
      "duration": 1.2,
      "element": "physical",
      "enhancementTime": 0,
      "gaugeCost": 0,
      "gaugeGain": 10,
      "icon": "/avatars/ENDMINISTRATOR/icon_combo_skill_endmin_01.png",
      "id": "ENDMINISTRATOR_link",
      "instanceId": "inst_kvvfl49",
      "logicalStartTime": 8,
      "name": "连携",
      "physicalAnomaly": [
        [
          {
            "_id": "dsk6uom",
            "duration": 4,
            "offset": 0.8,
            "stacks": 1,
            "type": "endmin_debuff",
          },
        ],
      ],
      "spCost": 0,
      "startTime": 8,
      "teamGaugeGain": 0,
      "triggerWindow": 0,
      "type": "link",
    },
    "trackId": "ENDMINISTRATOR",
    "trackIndex": 1,
    "type": "action",
  },
  {
    "id": "inst_74qhclh",
    "node": {
      "allowedTypes": [
        "endmin_debuff",
      ],
      "animationTime": 0,
      "cooldown": 16,
      "damageTicks": [
        {
          "boundEffects": [],
          "offset": 0.8,
          "sp": 0,
          "spKind": "recover",
          "stagger": 10,
        },
      ],
      "duration": 1.2,
      "element": "physical",
      "enhancementTime": 0,
      "gaugeCost": 0,
      "gaugeGain": 10,
      "icon": "/avatars/ENDMINISTRATOR/icon_combo_skill_endmin_01.webp",
      "id": "ENDMINISTRATOR_link",
      "instanceId": "inst_74qhclh",
      "librarySource": "character",
      "logicalStartTime": 24.5,
      "name": "连携",
      "physicalAnomaly": [
        [],
        [
          {
            "_id": "1mc98na",
            "duration": 4,
            "offset": 0.8,
            "stacks": 1,
            "type": "endmin_debuff",
          },
        ],
      ],
      "sourceWeaponId": "wpn_sword_0021",
      "spCost": 0,
      "startTime": 24.5,
      "teamGaugeGain": 0,
      "type": "link",
      "weaponId": null,
    },
    "trackId": "ENDMINISTRATOR",
    "trackIndex": 1,
    "type": "action",
  },
  {
    "id": "inst_8ka0n5b",
    "node": {
      "allowedTypes": [
        "stagger",
        "break",
        "ice_shatter",
      ],
      "animationTime": 0,
      "cooldown": 0,
      "damageTicks": [
        {
          "offset": 0.4,
          "sp": 0,
          "spKind": "recover",
          "stagger": 10,
        },
      ],
      "duration": 0.8,
      "element": "physical",
      "enhancementTime": 0,
      "gaugeCost": 0,
      "gaugeGain": 6.5,
      "icon": "/avatars/ENDMINISTRATOR/icon_skill_endmin_01.png",
      "id": "ENDMINISTRATOR_skill",
      "instanceId": "inst_8ka0n5b",
      "logicalStartTime": 26.5,
      "name": "战技",
      "physicalAnomaly": [
        [
          {
            "_id": "eqty05n",
            "duration": 0,
            "offset": 0.4,
            "stacks": 4,
            "type": "stagger",
          },
        ],
      ],
      "spCost": 100,
      "startTime": 26.5,
      "teamGaugeGain": 6.5,
      "type": "skill",
    },
    "trackId": "ENDMINISTRATOR",
    "trackIndex": 1,
    "type": "action",
  },
  {
    "id": "inst_wi5a1dj",
    "node": {
      "allowedTypes": [
        "cold_burst",
        "frozen",
        "cold_attach",
      ],
      "animationTime": 0,
      "cooldown": 0,
      "damageTicks": [
        {
          "offset": 1,
          "sp": 0,
          "spKind": "recover",
          "stagger": 10,
        },
      ],
      "duration": 2,
      "element": "cold",
      "enhancementTime": 0,
      "gaugeCost": 0,
      "gaugeGain": 6.5,
      "icon": "/avatars/ESTELLA/icon_skill_whiten_01.png",
      "id": "ESTELLA_skill",
      "instanceId": "inst_wi5a1dj",
      "logicalStartTime": 13.3,
      "name": "战技",
      "physicalAnomaly": [
        [
          {
            "_id": "csi188w",
            "duration": 5,
            "offset": 1,
            "sp": 0,
            "stacks": 1,
            "stagger": 0,
            "type": "frozen",
          },
        ],
        [
          {
            "_id": "8y2460i",
            "duration": 0,
            "offset": 1,
            "stacks": 1,
            "type": "cold_attach",
          },
        ],
      ],
      "spCost": 100,
      "startTime": 13.3,
      "teamGaugeGain": 6.5,
      "type": "skill",
    },
    "trackId": "ESTELLA",
    "trackIndex": 2,
    "type": "action",
  },
  {
    "id": "inst_xywmm49",
    "node": {
      "allowedTypes": [
        "knockup",
        "break",
        "ice_shatter",
      ],
      "animationTime": 0,
      "cooldown": 15,
      "damageTicks": [
        {
          "offset": 1,
          "sp": 0,
          "spKind": "recover",
          "stagger": 10,
        },
      ],
      "duration": 2,
      "element": "cold",
      "enhancementTime": 0,
      "gaugeCost": 0,
      "gaugeGain": 10,
      "icon": "/avatars/ESTELLA/icon_combo_skill_whiten_01.png",
      "id": "ESTELLA_link",
      "instanceId": "inst_xywmm49",
      "logicalStartTime": 18.5,
      "name": "连携",
      "physicalAnomaly": [
        [
          {
            "_id": "eayh788",
            "duration": 0,
            "offset": 1,
            "stacks": 1,
            "type": "ice_shatter",
          },
        ],
        [
          {
            "_id": "v62886u",
            "duration": 0,
            "offset": 1,
            "stacks": 3,
            "type": "knockup",
          },
        ],
      ],
      "spCost": 0,
      "startTime": 18.5,
      "teamGaugeGain": 0,
      "type": "link",
    },
    "trackId": "ESTELLA",
    "trackIndex": 2,
    "type": "action",
  },
  {
    "id": "inst_hkc1ibd",
    "node": {
      "allowedTypes": [
        "blaze_attach",
        "burning",
        "blaze_burst",
      ],
      "animationTime": 0,
      "cooldown": 0,
      "damageTicks": [
        {
          "offset": 1.5,
          "sp": 0,
          "spKind": "recover",
          "stagger": 10,
        },
      ],
      "duration": 2,
      "element": "blaze",
      "enhancementTime": 0,
      "gaugeCost": 0,
      "gaugeGain": 6.5,
      "icon": "/avatars/AKEKURI/icon_skill_karin_01.png",
      "id": "AKEKURI_skill",
      "instanceId": "inst_hkc1ibd",
      "logicalStartTime": 0,
      "name": "战技",
      "physicalAnomaly": [
        [
          {
            "_id": "4bp7z9w",
            "duration": 0,
            "offset": 1.5,
            "stacks": 1,
            "type": "blaze_attach",
          },
        ],
      ],
      "spCost": 100,
      "startTime": 0,
      "teamGaugeGain": 6.5,
      "type": "skill",
    },
    "trackId": "AKEKURI",
    "trackIndex": 3,
    "type": "action",
  },
  {
    "id": "inst_ssjghlj",
    "node": {
      "allowedTypes": [],
      "animationTime": 0,
      "cooldown": 15,
      "damageTicks": [
        {
          "offset": 1,
          "sp": 0,
          "spKind": "recover",
          "stagger": 10,
        },
      ],
      "duration": 2,
      "element": "blaze",
      "enhancementTime": 0,
      "gaugeCost": 0,
      "gaugeGain": 10,
      "icon": "/avatars/AKEKURI/icon_combo_skill_karin_01.png",
      "id": "AKEKURI_link",
      "instanceId": "inst_ssjghlj",
      "logicalStartTime": 21.5,
      "name": "连携",
      "physicalAnomaly": [],
      "spCost": 0,
      "startTime": 21.5,
      "teamGaugeGain": 0,
      "type": "link",
    },
    "trackId": "AKEKURI",
    "trackIndex": 3,
    "type": "action",
  },
]
`;
